// Jest Snapshot v1, https://goo.gl/fbAQLP

exports[`Button renders Button 1`] = `
<button
  class="inline-block py-2 px-4 rounded border bg-blue-500 text-white hover:bg-blue-600 border-blue-500"
>
  Test
</button>
`;
