// Jest Snapshot v1, https://goo.gl/fbAQLP

exports[`ThemeToggler renders ThemeToggler with default dark mode 1`] = `
<button
  aria-label="Switch to dark mode"
  class="inline-flex align-middle justify-center rounded-full p-2 text-blue-500 hover:bg-blue-500 hover:text-white border-transparent hover:bg-opacity-25"
>
  <svg
    aria-hidden="true"
    class="h-6 w-6 inline-block"
    fill="currentColor"
    viewBox="0 0 24 24"
    xmlns="http://www.w3.org/2000/svg"
  >
    <path
      clip-rule="evenodd"
      d="M9.528 1.718a.75.75 0 01.162.819A8.97 8.97 0 009 6a9 9 0 009 9 8.97 8.97 0 003.463-.69.75.75 0 01.981.98 10.503 10.503 0 01-9.694 6.46c-5.799 0-10.5-4.701-10.5-10.5 0-4.368 2.667-8.112 6.46-9.694a.75.75 0 01.818.162z"
      fill-rule="evenodd"
    />
  </svg>
</button>
`;
