// Jest Snapshot v1, https://goo.gl/fbAQLP

exports[`Footer renders Footer snapshot 1`] = `
<div>
  <footer
    class="px-2 sm:px-4 mt-auto"
  >
    <div
      class="container mx-auto border-t py-4"
    >
      <p>
        Copyright Â© 
        2020
      </p>
    </div>
  </footer>
</div>
`;
