// Jest Snapshot v1, https://goo.gl/fbAQLP

exports[`SetCard renders SetCard snapshot 1`] = `
<div>
  <div
    class="bg-white rounded-lg border border-gray-200 shadow-md dark:bg-gray-800 dark:border-gray-700 h-full p-4"
  >
    <div
      class="flex flex-col h-full"
    >
      <div
        class="flex justify-center mb-4"
      >
        <img
          alt="Lost Origin logo"
          class="w-full max-w-xs"
          src="https://images.pokemontcg.io/swsh11/logo.png"
        />
      </div>
      <div
        class="mt-auto"
      >
        <h5
          class="mb-2 text-2xl font-bold tracking-tight text-gray-900 dark:text-white"
        >
          Lost Origin
        </h5>
        <p
          class="mb-3 font-normal text-gray-700 dark:text-gray-400"
        >
          Sword & Shield
           - 
          2022/09/09
        </p>
      </div>
    </div>
  </div>
</div>
`;
